#-----------------------------------------------------------
# Vivado v2018.2 (64-bit)
# SW Build 2258646 on Thu Jun 14 20:03:12 MDT 2018
# IP Build 2256618 on Thu Jun 14 22:10:49 MDT 2018
# Start of session at: Sat Aug 31 16:49:37 2019
# Process ID: 5668
# Current directory: C:/SDUP_huffman_encoder_IP_viv18.2
# Command line: vivado.exe -gui_launcher_event rodinguilauncherevent1404 C:\SDUP_huffman_encoder_IP_viv18.2\SDUP_huffman_encoder_IP_viv18.2.xpr
# Log file: C:/SDUP_huffman_encoder_IP_viv18.2/vivado.log
# Journal file: C:/SDUP_huffman_encoder_IP_viv18.2\vivado.jou
#-----------------------------------------------------------
start_gui
open_project C:/SDUP_huffman_encoder_IP_viv18.2/SDUP_huffman_encoder_IP_viv18.2.xpr
update_compile_order -fileset sources_1
open_bd_design {C:/SDUP_huffman_encoder_IP_viv18.2/SDUP_huffman_encoder_IP_viv18.2.srcs/sources_1/bd/design_1/design_1.bd}
delete_bd_objs [get_bd_intf_nets ps7_0_axi_periph_M01_AXI] [get_bd_intf_nets axi_fifo_mm_s_0_AXI_STR_TXD] [get_bd_intf_nets axi_dma_0_M_AXIS_MM2S] [get_bd_cells axi_fifo_mm_s_0]
startgroup
create_bd_cell -type ip -vlnv xilinx.com:user:huffman_myip:1.0 huffman_myip_0
endgroup
connect_bd_intf_net [get_bd_intf_pins huffman_myip_0/M00_AXIS] [get_bd_intf_pins axi_dma_0/S_AXIS_S2MM]
connect_bd_intf_net [get_bd_intf_pins huffman_myip_0/S00_AXIS] [get_bd_intf_pins axi_dma_0/M_AXIS_MM2S]
startgroup
apply_bd_automation -rule xilinx.com:bd_rule:clkrst -config {Clk "/processing_system7_0/FCLK_CLK0 (100 MHz)" }  [get_bd_pins huffman_myip_0/s00_axis_aclk]
apply_bd_automation -rule xilinx.com:bd_rule:clkrst -config {Clk "/processing_system7_0/FCLK_CLK0 (100 MHz)" }  [get_bd_pins huffman_myip_0/m00_axis_aclk]
endgroup
regenerate_bd_layout
validate_bd_design
save_bd_design
reset_run design_1_xbar_0_synth_1
reset_run synth_1
launch_runs impl_1 -jobs 2
wait_on_run impl_1
ipx::edit_ip_in_project -upgrade true -name huffman_myip_v1_0_project -directory C:/SDUP_huffman_encoder_IP_viv18.2/SDUP_huffman_encoder_IP_viv18.2.tmp/huffman_myip_v1_0_project c:/ip_repo/huffman_myip_1.0/component.xml
update_compile_order -fileset sources_1
ipx::merge_project_changes ports [ipx::current_core]
set_property core_revision 6 [ipx::current_core]
ipx::update_source_project_archive -component [ipx::current_core]
ipx::create_xgui_files [ipx::current_core]
ipx::update_checksums [ipx::current_core]
ipx::save_core [ipx::current_core]
ipx::move_temp_component_back -component [ipx::current_core]
close_project -delete
update_ip_catalog -rebuild -repo_path c:/ip_repo/huffman_myip_1.0
report_ip_status -name ip_status 
upgrade_ip -vlnv xilinx.com:user:huffman_myip:1.0 [get_ips  design_1_huffman_myip_0_0] -log ip_upgrade.log
export_ip_user_files -of_objects [get_ips design_1_huffman_myip_0_0] -no_script -sync -force -quiet
generate_target all [get_files  C:/SDUP_huffman_encoder_IP_viv18.2/SDUP_huffman_encoder_IP_viv18.2.srcs/sources_1/bd/design_1/design_1.bd]
catch { config_ip_cache -export [get_ips -all design_1_huffman_myip_0_0] }
catch { config_ip_cache -export [get_ips -all design_1_auto_pc_0] }
export_ip_user_files -of_objects [get_files C:/SDUP_huffman_encoder_IP_viv18.2/SDUP_huffman_encoder_IP_viv18.2.srcs/sources_1/bd/design_1/design_1.bd] -no_script -sync -force -quiet
create_ip_run [get_files -of_objects [get_fileset sources_1] C:/SDUP_huffman_encoder_IP_viv18.2/SDUP_huffman_encoder_IP_viv18.2.srcs/sources_1/bd/design_1/design_1.bd]
launch_runs -jobs 2 design_1_huffman_myip_0_0_synth_1
export_simulation -of_objects [get_files C:/SDUP_huffman_encoder_IP_viv18.2/SDUP_huffman_encoder_IP_viv18.2.srcs/sources_1/bd/design_1/design_1.bd] -directory C:/SDUP_huffman_encoder_IP_viv18.2/SDUP_huffman_encoder_IP_viv18.2.ip_user_files/sim_scripts -ip_user_files_dir C:/SDUP_huffman_encoder_IP_viv18.2/SDUP_huffman_encoder_IP_viv18.2.ip_user_files -ipstatic_source_dir C:/SDUP_huffman_encoder_IP_viv18.2/SDUP_huffman_encoder_IP_viv18.2.ip_user_files/ipstatic -lib_map_path [list {modelsim=C:/SDUP_huffman_encoder_IP_viv18.2/SDUP_huffman_encoder_IP_viv18.2.cache/compile_simlib/modelsim} {questa=C:/SDUP_huffman_encoder_IP_viv18.2/SDUP_huffman_encoder_IP_viv18.2.cache/compile_simlib/questa} {riviera=C:/SDUP_huffman_encoder_IP_viv18.2/SDUP_huffman_encoder_IP_viv18.2.cache/compile_simlib/riviera} {activehdl=C:/SDUP_huffman_encoder_IP_viv18.2/SDUP_huffman_encoder_IP_viv18.2.cache/compile_simlib/activehdl}] -use_ip_compiled_libs -force -quiet
report_ip_status -name ip_status 
reset_run synth_1
launch_runs impl_1 -jobs 2
wait_on_run impl_1
startgroup
set_property -dict [list CONFIG.NUM_MI {1}] [get_bd_cells ps7_0_axi_periph]
endgroup
regenerate_bd_layout
validate_bd_design
save_bd_design
